📊 WandB initialized!
   Project: infant-emotion-generation
   Run: sd35-inference
Loading SD 3.5 Medium pipeline (T5-XXL excluded)...
/usr/local/lib/python3.12/dist-packages/huggingface_hub/utils/_validators.py:205: UserWarning: The `local_dir_use_symlinks` argument is deprecated and ignored in `hf_hub_download`. Downloading to a local directory does not use symlinks anymore.
  warnings.warn(
/usr/local/lib/python3.12/dist-packages/diffusers/utils/deprecation_utils.py:23: FutureWarning: `torch_dtype` is deprecated and will be removed in version 1.0.0. Please use `dtype` instead.
  deprecate("torch_dtype", "1.0.0", _TORCH_DTYPE_DEPRECATION_MESSAGE)

A mixture of fp16 and non-fp16 filenames will be loaded.
Loaded fp16 filenames:
[text_encoder_3/model.fp16-00001-of-00002.safetensors, text_encoder_2/model.fp16.safetensors, text_encoder/model.fp16.safetensors, text_encoder_3/model.safetensors.index.fp16.json, text_encoder_3/model.fp16-00002-of-00002.safetensors]
Loaded non-fp16 filenames:
[transformer/diffusion_pytorch_model.safetensors, vae/diffusion_pytorch_model.safetensors
If this behavior is not expected, please check your folder structure.
Loading weights: 100% 517/517 [00:00<00:00, 5427.62it/s]5.81it/s]
Loading weights: 100% 219/219 [00:00<00:00, 615.24it/s] 1.63it/s]
Loading weights: 100% 197/197 [00:00<00:00, 4289.90it/s]1.74it/s]
Loading pipeline components...: 100% 9/9 [00:03<00:00,  2.31it/s]
✅ xFormers enabled
Loading LoRA weights from: ./models/infant_lora_sd35/mmdit_lora_final
No LoRA keys associated to SD3Transformer2DModel found with the prefix='transformer'. This is safe to ignore if LoRA state dict didn't originally have any SD3Transformer2DModel related params. You can also try specifying `prefix=None` to resolve the warning. Otherwise, open an issue if you think it's unexpected: https://github.com/huggingface/diffusers/issues/new
No LoRA keys associated to CLIPTextModelWithProjection found with the prefix='text_encoder'. This is safe to ignore if LoRA state dict didn't originally have any CLIPTextModelWithProjection related params. You can also try specifying `prefix=None` to resolve the warning. Otherwise, open an issue if you think it's unexpected: https://github.com/huggingface/diffusers/issues/new
No LoRA keys associated to CLIPTextModelWithProjection found with the prefix='text_encoder_2'. This is safe to ignore if LoRA state dict didn't originally have any CLIPTextModelWithProjection related params. You can also try specifying `prefix=None` to resolve the warning. Otherwise, open an issue if you think it's unexpected: https://github.com/huggingface/diffusers/issues/new
Generating images...
Generating 100 angry images...
/content/InfantEmotionGen/src/stable_diffusion_35/generate_infant_faces_sd35.py:143: FutureWarning: `torch.cuda.amp.autocast(args...)` is deprecated. Please use `torch.amp.autocast('cuda', args...)` instead.
  with torch.cuda.amp.autocast():
100% 30/30 [00:06<00:00,  4.78it/s]
100% 30/30 [00:06<00:00,  4.86it/s]
100% 30/30 [00:06<00:00,  4.84it/s]
100% 30/30 [00:06<00:00,  4.83it/s]
100% 30/30 [00:06<00:00,  4.82it/s]
100% 30/30 [00:06<00:00,  4.81it/s]
100% 30/30 [00:06<00:00,  4.81it/s]
100% 30/30 [00:06<00:00,  4.81it/s]
100% 30/30 [00:06<00:00,  4.80it/s]
100% 30/30 [00:06<00:00,  4.80it/s]
  Generated 10/100
100% 30/30 [00:06<00:00,  4.80it/s]
100% 30/30 [00:06<00:00,  4.80it/s]
100% 30/30 [00:06<00:00,  4.80it/s]
100% 30/30 [00:06<00:00,  4.79it/s]
100% 30/30 [00:06<00:00,  4.79it/s]
100% 30/30 [00:06<00:00,  4.79it/s]
100% 30/30 [00:06<00:00,  4.79it/s]
100% 30/30 [00:06<00:00,  4.79it/s]
100% 30/30 [00:06<00:00,  4.80it/s]
100% 30/30 [00:06<00:00,  4.80it/s]
  Generated 20/100
100% 30/30 [00:06<00:00,  4.80it/s]
100% 30/30 [00:06<00:00,  4.80it/s]
100% 30/30 [00:06<00:00,  4.80it/s]
100% 30/30 [00:06<00:00,  4.79it/s]
100% 30/30 [00:06<00:00,  4.79it/s]
100% 30/30 [00:06<00:00,  4.74it/s]
100% 30/30 [00:06<00:00,  4.79it/s]
100% 30/30 [00:06<00:00,  4.79it/s]
100% 30/30 [00:06<00:00,  4.79it/s]
100% 30/30 [00:06<00:00,  4.79it/s]
  Generated 30/100
100% 30/30 [00:06<00:00,  4.79it/s]
100% 30/30 [00:06<00:00,  4.79it/s]
100% 30/30 [00:06<00:00,  4.79it/s]
100% 30/30 [00:06<00:00,  4.79it/s]
100% 30/30 [00:06<00:00,  4.79it/s]
100% 30/30 [00:06<00:00,  4.79it/s]
100% 30/30 [00:06<00:00,  4.79it/s]
100% 30/30 [00:06<00:00,  4.79it/s]
100% 30/30 [00:06<00:00,  4.79it/s]
100% 30/30 [00:06<00:00,  4.79it/s]
  Generated 40/100
100% 30/30 [00:06<00:00,  4.79it/s]
100% 30/30 [00:06<00:00,  4.79it/s]
100% 30/30 [00:06<00:00,  4.79it/s]
100% 30/30 [00:06<00:00,  4.79it/s]
100% 30/30 [00:06<00:00,  4.79it/s]
100% 30/30 [00:06<00:00,  4.79it/s]
100% 30/30 [00:06<00:00,  4.79it/s]
100% 30/30 [00:06<00:00,  4.79it/s]
100% 30/30 [00:06<00:00,  4.79it/s]
100% 30/30 [00:06<00:00,  4.79it/s]
  Generated 50/100
100% 30/30 [00:06<00:00,  4.79it/s]
100% 30/30 [00:06<00:00,  4.79it/s]
100% 30/30 [00:06<00:00,  4.79it/s]
100% 30/30 [00:06<00:00,  4.79it/s]
100% 30/30 [00:06<00:00,  4.79it/s]
100% 30/30 [00:06<00:00,  4.79it/s]
100% 30/30 [00:06<00:00,  4.79it/s]
100% 30/30 [00:06<00:00,  4.79it/s]
100% 30/30 [00:06<00:00,  4.79it/s]
100% 30/30 [00:06<00:00,  4.79it/s]
  Generated 60/100
100% 30/30 [00:06<00:00,  4.79it/s]
100% 30/30 [00:06<00:00,  4.79it/s]
100% 30/30 [00:06<00:00,  4.79it/s]
100% 30/30 [00:06<00:00,  4.79it/s]
100% 30/30 [00:06<00:00,  4.79it/s]
100% 30/30 [00:06<00:00,  4.79it/s]
100% 30/30 [00:06<00:00,  4.79it/s]
100% 30/30 [00:06<00:00,  4.79it/s]
100% 30/30 [00:06<00:00,  4.79it/s]
100% 30/30 [00:06<00:00,  4.79it/s]
  Generated 70/100
100% 30/30 [00:06<00:00,  4.79it/s]
100% 30/30 [00:06<00:00,  4.79it/s]
100% 30/30 [00:06<00:00,  4.79it/s]
100% 30/30 [00:06<00:00,  4.79it/s]
100% 30/30 [00:06<00:00,  4.79it/s]
100% 30/30 [00:06<00:00,  4.79it/s]
100% 30/30 [00:06<00:00,  4.79it/s]
100% 30/30 [00:06<00:00,  4.79it/s]
100% 30/30 [00:06<00:00,  4.79it/s]
100% 30/30 [00:06<00:00,  4.79it/s]
  Generated 80/100
100% 30/30 [00:06<00:00,  4.79it/s]
100% 30/30 [00:06<00:00,  4.79it/s]
100% 30/30 [00:06<00:00,  4.79it/s]
100% 30/30 [00:06<00:00,  4.79it/s]
100% 30/30 [00:06<00:00,  4.79it/s]
100% 30/30 [00:06<00:00,  4.79it/s]
100% 30/30 [00:06<00:00,  4.79it/s]
100% 30/30 [00:06<00:00,  4.79it/s]
100% 30/30 [00:06<00:00,  4.79it/s]
100% 30/30 [00:06<00:00,  4.79it/s]
  Generated 90/100
100% 30/30 [00:06<00:00,  4.79it/s]
100% 30/30 [00:06<00:00,  4.79it/s]
100% 30/30 [00:06<00:00,  4.79it/s]
100% 30/30 [00:06<00:00,  4.79it/s]
100% 30/30 [00:06<00:00,  4.79it/s]
100% 30/30 [00:06<00:00,  4.80it/s]
100% 30/30 [00:06<00:00,  4.80it/s]
100% 30/30 [00:06<00:00,  4.80it/s]
100% 30/30 [00:06<00:00,  4.80it/s]
100% 30/30 [00:06<00:00,  4.80it/s]
  Generated 100/100
Generating 100 crying images...
100% 30/30 [00:06<00:00,  4.80it/s]
100% 30/30 [00:06<00:00,  4.80it/s]
100% 30/30 [00:06<00:00,  4.80it/s]
100% 30/30 [00:06<00:00,  4.80it/s]
100% 30/30 [00:06<00:00,  4.80it/s]
100% 30/30 [00:06<00:00,  4.80it/s]
100% 30/30 [00:06<00:00,  4.79it/s]
100% 30/30 [00:06<00:00,  4.80it/s]
100% 30/30 [00:06<00:00,  4.80it/s]
100% 30/30 [00:06<00:00,  4.80it/s]
  Generated 10/100
100% 30/30 [00:06<00:00,  4.79it/s]
100% 30/30 [00:06<00:00,  4.79it/s]
100% 30/30 [00:06<00:00,  4.79it/s]
100% 30/30 [00:06<00:00,  4.79it/s]
100% 30/30 [00:06<00:00,  4.79it/s]
100% 30/30 [00:06<00:00,  4.79it/s]
100% 30/30 [00:06<00:00,  4.79it/s]
100% 30/30 [00:06<00:00,  4.79it/s]
100% 30/30 [00:06<00:00,  4.79it/s]
100% 30/30 [00:06<00:00,  4.79it/s]
  Generated 20/100
100% 30/30 [00:06<00:00,  4.79it/s]
100% 30/30 [00:06<00:00,  4.79it/s]
100% 30/30 [00:06<00:00,  4.79it/s]
100% 30/30 [00:06<00:00,  4.79it/s]
100% 30/30 [00:06<00:00,  4.79it/s]
100% 30/30 [00:06<00:00,  4.79it/s]
100% 30/30 [00:06<00:00,  4.79it/s]
100% 30/30 [00:06<00:00,  4.79it/s]
100% 30/30 [00:06<00:00,  4.79it/s]
100% 30/30 [00:06<00:00,  4.79it/s]
  Generated 30/100
100% 30/30 [00:06<00:00,  4.79it/s]
100% 30/30 [00:06<00:00,  4.79it/s]
100% 30/30 [00:06<00:00,  4.79it/s]
100% 30/30 [00:06<00:00,  4.80it/s]
100% 30/30 [00:06<00:00,  4.80it/s]
100% 30/30 [00:06<00:00,  4.80it/s]
100% 30/30 [00:06<00:00,  4.80it/s]
100% 30/30 [00:06<00:00,  4.79it/s]
100% 30/30 [00:06<00:00,  4.79it/s]
100% 30/30 [00:06<00:00,  4.79it/s]
  Generated 40/100
100% 30/30 [00:06<00:00,  4.79it/s]
100% 30/30 [00:06<00:00,  4.79it/s]
100% 30/30 [00:06<00:00,  4.79it/s]
100% 30/30 [00:06<00:00,  4.80it/s]
100% 30/30 [00:06<00:00,  4.80it/s]
100% 30/30 [00:06<00:00,  4.79it/s]
100% 30/30 [00:06<00:00,  4.79it/s]
100% 30/30 [00:06<00:00,  4.79it/s]
100% 30/30 [00:06<00:00,  4.79it/s]
100% 30/30 [00:06<00:00,  4.79it/s]
  Generated 50/100
100% 30/30 [00:06<00:00,  4.79it/s]
100% 30/30 [00:06<00:00,  4.79it/s]
100% 30/30 [00:06<00:00,  4.79it/s]
100% 30/30 [00:06<00:00,  4.79it/s]
100% 30/30 [00:06<00:00,  4.79it/s]
100% 30/30 [00:06<00:00,  4.80it/s]
100% 30/30 [00:06<00:00,  4.79it/s]
100% 30/30 [00:06<00:00,  4.79it/s]
100% 30/30 [00:06<00:00,  4.80it/s]
100% 30/30 [00:06<00:00,  4.80it/s]
  Generated 60/100
100% 30/30 [00:06<00:00,  4.80it/s]
100% 30/30 [00:06<00:00,  4.80it/s]
100% 30/30 [00:06<00:00,  4.79it/s]
100% 30/30 [00:06<00:00,  4.79it/s]
100% 30/30 [00:06<00:00,  4.79it/s]
100% 30/30 [00:06<00:00,  4.80it/s]
100% 30/30 [00:06<00:00,  4.79it/s]
100% 30/30 [00:06<00:00,  4.79it/s]
100% 30/30 [00:06<00:00,  4.79it/s]
100% 30/30 [00:06<00:00,  4.79it/s]
  Generated 70/100
100% 30/30 [00:06<00:00,  4.79it/s]
100% 30/30 [00:06<00:00,  4.79it/s]
100% 30/30 [00:06<00:00,  4.79it/s]
100% 30/30 [00:06<00:00,  4.79it/s]
100% 30/30 [00:06<00:00,  4.79it/s]
100% 30/30 [00:06<00:00,  4.79it/s]
100% 30/30 [00:06<00:00,  4.79it/s]
100% 30/30 [00:06<00:00,  4.79it/s]
100% 30/30 [00:06<00:00,  4.79it/s]
100% 30/30 [00:06<00:00,  4.79it/s]
  Generated 80/100
100% 30/30 [00:06<00:00,  4.79it/s]
100% 30/30 [00:06<00:00,  4.79it/s]
100% 30/30 [00:06<00:00,  4.79it/s]
100% 30/30 [00:06<00:00,  4.80it/s]
100% 30/30 [00:06<00:00,  4.80it/s]
100% 30/30 [00:06<00:00,  4.80it/s]
100% 30/30 [00:06<00:00,  4.80it/s]
100% 30/30 [00:06<00:00,  4.80it/s]
100% 30/30 [00:06<00:00,  4.80it/s]
100% 30/30 [00:06<00:00,  4.80it/s]
  Generated 90/100
100% 30/30 [00:06<00:00,  4.80it/s]
100% 30/30 [00:06<00:00,  4.80it/s]
100% 30/30 [00:06<00:00,  4.79it/s]
100% 30/30 [00:06<00:00,  4.79it/s]
100% 30/30 [00:06<00:00,  4.79it/s]
100% 30/30 [00:06<00:00,  4.80it/s]
100% 30/30 [00:06<00:00,  4.80it/s]
100% 30/30 [00:06<00:00,  4.80it/s]
100% 30/30 [00:06<00:00,  4.80it/s]
100% 30/30 [00:06<00:00,  4.79it/s]
  Generated 100/100
Generating 100 happy images...
100% 30/30 [00:06<00:00,  4.79it/s]
100% 30/30 [00:06<00:00,  4.79it/s]
100% 30/30 [00:06<00:00,  4.79it/s]
100% 30/30 [00:06<00:00,  4.79it/s]
100% 30/30 [00:06<00:00,  4.79it/s]
100% 30/30 [00:06<00:00,  4.79it/s]
100% 30/30 [00:06<00:00,  4.79it/s]
100% 30/30 [00:06<00:00,  4.79it/s]
100% 30/30 [00:06<00:00,  4.79it/s]
100% 30/30 [00:06<00:00,  4.78it/s]
  Generated 10/100
100% 30/30 [00:06<00:00,  4.79it/s]
100% 30/30 [00:06<00:00,  4.79it/s]
100% 30/30 [00:06<00:00,  4.79it/s]
100% 30/30 [00:06<00:00,  4.79it/s]
100% 30/30 [00:06<00:00,  4.79it/s]
100% 30/30 [00:06<00:00,  4.79it/s]
100% 30/30 [00:06<00:00,  4.79it/s]
100% 30/30 [00:06<00:00,  4.78it/s]
100% 30/30 [00:06<00:00,  4.79it/s]
100% 30/30 [00:06<00:00,  4.78it/s]
  Generated 20/100
100% 30/30 [00:06<00:00,  4.79it/s]
100% 30/30 [00:06<00:00,  4.79it/s]
100% 30/30 [00:06<00:00,  4.80it/s]
100% 30/30 [00:06<00:00,  4.80it/s]
100% 30/30 [00:06<00:00,  4.80it/s]
100% 30/30 [00:06<00:00,  4.79it/s]
100% 30/30 [00:06<00:00,  4.80it/s]
100% 30/30 [00:06<00:00,  4.80it/s]
100% 30/30 [00:06<00:00,  4.80it/s]
100% 30/30 [00:06<00:00,  4.80it/s]
  Generated 30/100
100% 30/30 [00:06<00:00,  4.79it/s]
100% 30/30 [00:06<00:00,  4.80it/s]
100% 30/30 [00:06<00:00,  4.79it/s]
100% 30/30 [00:06<00:00,  4.79it/s]
100% 30/30 [00:06<00:00,  4.79it/s]
100% 30/30 [00:06<00:00,  4.79it/s]
100% 30/30 [00:06<00:00,  4.80it/s]
100% 30/30 [00:06<00:00,  4.80it/s]
100% 30/30 [00:06<00:00,  4.80it/s]
100% 30/30 [00:06<00:00,  4.80it/s]
  Generated 40/100
100% 30/30 [00:06<00:00,  4.79it/s]
100% 30/30 [00:06<00:00,  4.80it/s]
100% 30/30 [00:06<00:00,  4.79it/s]
100% 30/30 [00:06<00:00,  4.79it/s]
100% 30/30 [00:06<00:00,  4.80it/s]
100% 30/30 [00:06<00:00,  4.80it/s]
100% 30/30 [00:06<00:00,  4.80it/s]
100% 30/30 [00:06<00:00,  4.80it/s]
100% 30/30 [00:06<00:00,  4.80it/s]
100% 30/30 [00:06<00:00,  4.80it/s]
  Generated 50/100
100% 30/30 [00:06<00:00,  4.80it/s]
100% 30/30 [00:06<00:00,  4.80it/s]
100% 30/30 [00:06<00:00,  4.80it/s]
100% 30/30 [00:06<00:00,  4.79it/s]
100% 30/30 [00:06<00:00,  4.79it/s]
100% 30/30 [00:06<00:00,  4.79it/s]
100% 30/30 [00:06<00:00,  4.79it/s]
100% 30/30 [00:06<00:00,  4.79it/s]
100% 30/30 [00:06<00:00,  4.79it/s]
100% 30/30 [00:06<00:00,  4.79it/s]
  Generated 60/100
100% 30/30 [00:06<00:00,  4.79it/s]
100% 30/30 [00:06<00:00,  4.79it/s]
100% 30/30 [00:06<00:00,  4.79it/s]
100% 30/30 [00:06<00:00,  4.79it/s]
100% 30/30 [00:06<00:00,  4.79it/s]
100% 30/30 [00:06<00:00,  4.79it/s]
100% 30/30 [00:06<00:00,  4.79it/s]
100% 30/30 [00:06<00:00,  4.80it/s]
100% 30/30 [00:06<00:00,  4.80it/s]
100% 30/30 [00:06<00:00,  4.80it/s]
  Generated 70/100
100% 30/30 [00:06<00:00,  4.80it/s]
100% 30/30 [00:06<00:00,  4.80it/s]
100% 30/30 [00:06<00:00,  4.80it/s]
100% 30/30 [00:06<00:00,  4.80it/s]
100% 30/30 [00:06<00:00,  4.79it/s]
100% 30/30 [00:06<00:00,  4.79it/s]
100% 30/30 [00:06<00:00,  4.80it/s]
100% 30/30 [00:06<00:00,  4.79it/s]
100% 30/30 [00:06<00:00,  4.79it/s]
100% 30/30 [00:06<00:00,  4.79it/s]
  Generated 80/100
100% 30/30 [00:06<00:00,  4.79it/s]
100% 30/30 [00:06<00:00,  4.79it/s]
100% 30/30 [00:06<00:00,  4.79it/s]
100% 30/30 [00:06<00:00,  4.79it/s]
100% 30/30 [00:06<00:00,  4.79it/s]
100% 30/30 [00:06<00:00,  4.79it/s]
100% 30/30 [00:06<00:00,  4.79it/s]
100% 30/30 [00:06<00:00,  4.79it/s]
100% 30/30 [00:06<00:00,  4.79it/s]
100% 30/30 [00:06<00:00,  4.79it/s]
  Generated 90/100
100% 30/30 [00:06<00:00,  4.79it/s]
100% 30/30 [00:06<00:00,  4.79it/s]
100% 30/30 [00:06<00:00,  4.79it/s]
100% 30/30 [00:06<00:00,  4.79it/s]
100% 30/30 [00:06<00:00,  4.79it/s]
100% 30/30 [00:06<00:00,  4.79it/s]
100% 30/30 [00:06<00:00,  4.79it/s]
100% 30/30 [00:06<00:00,  4.79it/s]
100% 30/30 [00:06<00:00,  4.79it/s]
100% 30/30 [00:06<00:00,  4.79it/s]
  Generated 100/100
[34m[1mwandb[0m: Adding directory to artifact (generated_images/sd35)... Done. 0.3s
Generation complete! Images saved to ./generated_images/sd35
