Loading SDXL pipeline...
Fetching 19 files: 100% 19/19 [00:08<00:00,  2.20it/s]B/s,  153MB/s  ] 
Download complete: 100% 2.40G/2.40G [00:08<00:00, 274MB/s,  152MB/s  ]13MB/s,  169MB/s  ] 
Reconstruction complete: 100% 3.61G/3.61G [00:08<00:00, 411MB/s,  195MB/s  ]             
Loading weights: 100% 196/196 [00:00<00:00, 4132.76it/s]]
Loading weights: 100% 517/517 [00:00<00:00, 5192.92it/s]
Loading pipeline components...: 100% 7/7 [00:01<00:00,  6.02it/s]
/usr/local/lib/python3.12/dist-packages/huggingface_hub/utils/_validators.py:205: UserWarning: The `local_dir_use_symlinks` argument is deprecated and ignored in `hf_hub_download`. Downloading to a local directory does not use symlinks anymore.
  warnings.warn( components...: 100% 7/7 [00:01<00:00,  5.93it/s]
Loading VAE in FP32 for proper decoding...
config.json: 100% 631/631 [00:00<00:00, 1.70MB/s]
diffusion_pytorch_model.safetensors: downloading bytes: 100% 316M/316M [00:02<00:00, 143MB/s, 29.3MB/s  ]  
diffusion_pytorch_model.safetensors: reconstructing file: 100% 335M/335M [00:02<00:00, 151MB/s, 31.6MB/s  ]  
✅ xFormers enabled
Loading LoRA weights from: ./models/infant_lora/unet_lora_final
No LoRA keys associated to UNet2DConditionModel found with the prefix='unet'. This is safe to ignore if LoRA state dict didn't originally have any UNet2DConditionModel related params. You can also try specifying `prefix=None` to resolve the warning. Otherwise, open an issue if you think it's unexpected: https://github.com/huggingface/diffusers/issues/new
No LoRA keys associated to CLIPTextModel found with the prefix='text_encoder'. This is safe to ignore if LoRA state dict didn't originally have any CLIPTextModel related params. You can also try specifying `prefix=None` to resolve the warning. Otherwise, open an issue if you think it's unexpected: https://github.com/huggingface/diffusers/issues/new
No LoRA keys associated to CLIPTextModelWithProjection found with the prefix='text_encoder_2'. This is safe to ignore if LoRA state dict didn't originally have any CLIPTextModelWithProjection related params. You can also try specifying `prefix=None` to resolve the warning. Otherwise, open an issue if you think it's unexpected: https://github.com/huggingface/diffusers/issues/new
Generating images...
Generating 100 angry images...
100% 30/30 [00:19<00:00,  1.56it/s]
100% 30/30 [00:18<00:00,  1.58it/s]
100% 30/30 [00:18<00:00,  1.58it/s]
100% 30/30 [00:18<00:00,  1.58it/s]
100% 30/30 [00:18<00:00,  1.58it/s]
100% 30/30 [00:18<00:00,  1.58it/s]
100% 30/30 [00:18<00:00,  1.58it/s]
100% 30/30 [00:18<00:00,  1.58it/s]
100% 30/30 [00:18<00:00,  1.58it/s]
100% 30/30 [00:18<00:00,  1.58it/s]
  Generated 10/100
100% 30/30 [00:18<00:00,  1.58it/s]
100% 30/30 [00:18<00:00,  1.58it/s]
100% 30/30 [00:18<00:00,  1.58it/s]
100% 30/30 [00:18<00:00,  1.58it/s]
100% 30/30 [00:18<00:00,  1.58it/s]
100% 30/30 [00:18<00:00,  1.58it/s]
100% 30/30 [00:18<00:00,  1.58it/s]
100% 30/30 [00:18<00:00,  1.58it/s]
100% 30/30 [00:18<00:00,  1.58it/s]
100% 30/30 [00:18<00:00,  1.58it/s]
  Generated 20/100
100% 30/30 [00:18<00:00,  1.58it/s]
100% 30/30 [00:18<00:00,  1.58it/s]
100% 30/30 [00:18<00:00,  1.58it/s]
100% 30/30 [00:18<00:00,  1.58it/s]
100% 30/30 [00:18<00:00,  1.58it/s]
100% 30/30 [00:18<00:00,  1.58it/s]
100% 30/30 [00:18<00:00,  1.58it/s]
100% 30/30 [00:18<00:00,  1.58it/s]
100% 30/30 [00:18<00:00,  1.58it/s]
100% 30/30 [00:18<00:00,  1.58it/s]
  Generated 30/100
100% 30/30 [00:18<00:00,  1.58it/s]
100% 30/30 [00:18<00:00,  1.58it/s]
100% 30/30 [00:18<00:00,  1.58it/s]
100% 30/30 [00:18<00:00,  1.58it/s]
100% 30/30 [00:18<00:00,  1.58it/s]
100% 30/30 [00:18<00:00,  1.58it/s]
100% 30/30 [00:18<00:00,  1.58it/s]
100% 30/30 [00:18<00:00,  1.58it/s]
100% 30/30 [00:18<00:00,  1.58it/s]
100% 30/30 [00:18<00:00,  1.58it/s]
  Generated 40/100
100% 30/30 [00:18<00:00,  1.58it/s]
100% 30/30 [00:18<00:00,  1.58it/s]
100% 30/30 [00:18<00:00,  1.58it/s]
100% 30/30 [00:18<00:00,  1.58it/s]
100% 30/30 [00:18<00:00,  1.58it/s]
100% 30/30 [00:18<00:00,  1.58it/s]
100% 30/30 [00:18<00:00,  1.58it/s]
100% 30/30 [00:18<00:00,  1.58it/s]
100% 30/30 [00:18<00:00,  1.58it/s]
100% 30/30 [00:18<00:00,  1.58it/s]
  Generated 50/100
100% 30/30 [00:18<00:00,  1.58it/s]
100% 30/30 [00:18<00:00,  1.58it/s]
100% 30/30 [00:18<00:00,  1.58it/s]
100% 30/30 [00:18<00:00,  1.58it/s]
100% 30/30 [00:18<00:00,  1.58it/s]
100% 30/30 [00:18<00:00,  1.58it/s]
100% 30/30 [00:18<00:00,  1.58it/s]
100% 30/30 [00:18<00:00,  1.58it/s]
100% 30/30 [00:18<00:00,  1.58it/s]
100% 30/30 [00:18<00:00,  1.58it/s]
  Generated 60/100
100% 30/30 [00:18<00:00,  1.58it/s]
100% 30/30 [00:18<00:00,  1.58it/s]
100% 30/30 [00:18<00:00,  1.58it/s]
100% 30/30 [00:18<00:00,  1.58it/s]
100% 30/30 [00:18<00:00,  1.58it/s]
100% 30/30 [00:18<00:00,  1.58it/s]
100% 30/30 [00:18<00:00,  1.58it/s]
100% 30/30 [00:18<00:00,  1.58it/s]
100% 30/30 [00:18<00:00,  1.58it/s]
100% 30/30 [00:18<00:00,  1.58it/s]
  Generated 70/100
100% 30/30 [00:18<00:00,  1.58it/s]
100% 30/30 [00:18<00:00,  1.58it/s]
100% 30/30 [00:18<00:00,  1.58it/s]
100% 30/30 [00:18<00:00,  1.58it/s]
100% 30/30 [00:18<00:00,  1.58it/s]
100% 30/30 [00:18<00:00,  1.58it/s]
100% 30/30 [00:18<00:00,  1.58it/s]
100% 30/30 [00:18<00:00,  1.58it/s]
100% 30/30 [00:18<00:00,  1.58it/s]
100% 30/30 [00:18<00:00,  1.58it/s]
  Generated 80/100
100% 30/30 [00:18<00:00,  1.58it/s]
100% 30/30 [00:18<00:00,  1.58it/s]
100% 30/30 [00:18<00:00,  1.58it/s]
100% 30/30 [00:18<00:00,  1.58it/s]
100% 30/30 [00:18<00:00,  1.58it/s]
100% 30/30 [00:18<00:00,  1.58it/s]
100% 30/30 [00:18<00:00,  1.58it/s]
100% 30/30 [00:18<00:00,  1.58it/s]
100% 30/30 [00:18<00:00,  1.58it/s]
100% 30/30 [00:18<00:00,  1.58it/s]
  Generated 90/100
100% 30/30 [00:18<00:00,  1.58it/s]
100% 30/30 [00:18<00:00,  1.58it/s]
100% 30/30 [00:18<00:00,  1.58it/s]
100% 30/30 [00:18<00:00,  1.58it/s]
100% 30/30 [00:18<00:00,  1.58it/s]
100% 30/30 [00:18<00:00,  1.58it/s]
100% 30/30 [00:18<00:00,  1.58it/s]
100% 30/30 [00:18<00:00,  1.58it/s]
100% 30/30 [00:18<00:00,  1.58it/s]
100% 30/30 [00:18<00:00,  1.58it/s]
  Generated 100/100
Generating 100 crying images...
100% 30/30 [00:18<00:00,  1.58it/s]
100% 30/30 [00:18<00:00,  1.58it/s]
100% 30/30 [00:18<00:00,  1.58it/s]
100% 30/30 [00:18<00:00,  1.58it/s]
100% 30/30 [00:18<00:00,  1.58it/s]
100% 30/30 [00:18<00:00,  1.58it/s]
100% 30/30 [00:18<00:00,  1.58it/s]
100% 30/30 [00:18<00:00,  1.58it/s]
100% 30/30 [00:18<00:00,  1.58it/s]
100% 30/30 [00:18<00:00,  1.58it/s]
  Generated 10/100
100% 30/30 [00:18<00:00,  1.58it/s]
100% 30/30 [00:18<00:00,  1.58it/s]
100% 30/30 [00:18<00:00,  1.58it/s]
100% 30/30 [00:18<00:00,  1.58it/s]
100% 30/30 [00:18<00:00,  1.58it/s]
100% 30/30 [00:18<00:00,  1.58it/s]
100% 30/30 [00:18<00:00,  1.58it/s]
100% 30/30 [00:18<00:00,  1.58it/s]
100% 30/30 [00:18<00:00,  1.58it/s]
100% 30/30 [00:18<00:00,  1.58it/s]
  Generated 20/100
100% 30/30 [00:18<00:00,  1.58it/s]
100% 30/30 [00:18<00:00,  1.58it/s]
100% 30/30 [00:18<00:00,  1.58it/s]
100% 30/30 [00:18<00:00,  1.58it/s]
100% 30/30 [00:18<00:00,  1.58it/s]
100% 30/30 [00:18<00:00,  1.58it/s]
100% 30/30 [00:18<00:00,  1.58it/s]
100% 30/30 [00:18<00:00,  1.58it/s]
100% 30/30 [00:18<00:00,  1.58it/s]
100% 30/30 [00:18<00:00,  1.58it/s]
  Generated 30/100
100% 30/30 [00:18<00:00,  1.58it/s]
100% 30/30 [00:18<00:00,  1.58it/s]
100% 30/30 [00:18<00:00,  1.58it/s]
100% 30/30 [00:18<00:00,  1.58it/s]
100% 30/30 [00:18<00:00,  1.58it/s]
100% 30/30 [00:18<00:00,  1.58it/s]
100% 30/30 [00:18<00:00,  1.58it/s]
100% 30/30 [00:18<00:00,  1.58it/s]
100% 30/30 [00:18<00:00,  1.58it/s]
100% 30/30 [00:18<00:00,  1.58it/s]
  Generated 40/100
100% 30/30 [00:18<00:00,  1.58it/s]
100% 30/30 [00:18<00:00,  1.58it/s]
100% 30/30 [00:18<00:00,  1.58it/s]
100% 30/30 [00:18<00:00,  1.58it/s]
100% 30/30 [00:18<00:00,  1.58it/s]
100% 30/30 [00:18<00:00,  1.58it/s]
100% 30/30 [00:18<00:00,  1.58it/s]
100% 30/30 [00:18<00:00,  1.58it/s]
100% 30/30 [00:18<00:00,  1.58it/s]
100% 30/30 [00:18<00:00,  1.58it/s]
  Generated 50/100
100% 30/30 [00:18<00:00,  1.58it/s]
100% 30/30 [00:18<00:00,  1.58it/s]
100% 30/30 [00:18<00:00,  1.58it/s]
100% 30/30 [00:18<00:00,  1.58it/s]
100% 30/30 [00:18<00:00,  1.58it/s]
100% 30/30 [00:18<00:00,  1.58it/s]
100% 30/30 [00:18<00:00,  1.58it/s]
100% 30/30 [00:18<00:00,  1.58it/s]
100% 30/30 [00:18<00:00,  1.58it/s]
100% 30/30 [00:18<00:00,  1.58it/s]
  Generated 60/100
100% 30/30 [00:18<00:00,  1.58it/s]
100% 30/30 [00:18<00:00,  1.58it/s]
100% 30/30 [00:18<00:00,  1.58it/s]
100% 30/30 [00:18<00:00,  1.58it/s]
100% 30/30 [00:18<00:00,  1.58it/s]
100% 30/30 [00:18<00:00,  1.58it/s]
100% 30/30 [00:18<00:00,  1.58it/s]
100% 30/30 [00:18<00:00,  1.58it/s]
100% 30/30 [00:18<00:00,  1.58it/s]
100% 30/30 [00:18<00:00,  1.58it/s]
  Generated 70/100
100% 30/30 [00:18<00:00,  1.58it/s]
100% 30/30 [00:18<00:00,  1.58it/s]
100% 30/30 [00:18<00:00,  1.58it/s]
100% 30/30 [00:18<00:00,  1.58it/s]
100% 30/30 [00:18<00:00,  1.58it/s]
100% 30/30 [00:18<00:00,  1.58it/s]
100% 30/30 [00:18<00:00,  1.58it/s]
100% 30/30 [00:18<00:00,  1.58it/s]
100% 30/30 [00:18<00:00,  1.58it/s]
100% 30/30 [00:18<00:00,  1.58it/s]
  Generated 80/100
100% 30/30 [00:18<00:00,  1.58it/s]
100% 30/30 [00:18<00:00,  1.58it/s]
100% 30/30 [00:18<00:00,  1.58it/s]
100% 30/30 [00:18<00:00,  1.58it/s]
100% 30/30 [00:18<00:00,  1.58it/s]
100% 30/30 [00:18<00:00,  1.58it/s]
100% 30/30 [00:18<00:00,  1.58it/s]
100% 30/30 [00:18<00:00,  1.58it/s]
100% 30/30 [00:18<00:00,  1.58it/s]
100% 30/30 [00:18<00:00,  1.58it/s]
  Generated 90/100
100% 30/30 [00:18<00:00,  1.58it/s]
100% 30/30 [00:18<00:00,  1.58it/s]
100% 30/30 [00:18<00:00,  1.58it/s]
100% 30/30 [00:18<00:00,  1.58it/s]
100% 30/30 [00:18<00:00,  1.58it/s]
100% 30/30 [00:18<00:00,  1.58it/s]
100% 30/30 [00:18<00:00,  1.58it/s]
100% 30/30 [00:18<00:00,  1.58it/s]
100% 30/30 [00:18<00:00,  1.58it/s]
100% 30/30 [00:18<00:00,  1.58it/s]
  Generated 100/100
Generating 100 happy images...
100% 30/30 [00:18<00:00,  1.58it/s]
100% 30/30 [00:18<00:00,  1.58it/s]
100% 30/30 [00:18<00:00,  1.58it/s]
100% 30/30 [00:18<00:00,  1.58it/s]
100% 30/30 [00:18<00:00,  1.58it/s]
100% 30/30 [00:18<00:00,  1.58it/s]
100% 30/30 [00:18<00:00,  1.58it/s]
100% 30/30 [00:18<00:00,  1.58it/s]
100% 30/30 [00:18<00:00,  1.58it/s]
100% 30/30 [00:18<00:00,  1.58it/s]
  Generated 10/100
100% 30/30 [00:18<00:00,  1.58it/s]
100% 30/30 [00:18<00:00,  1.58it/s]
100% 30/30 [00:18<00:00,  1.58it/s]
100% 30/30 [00:18<00:00,  1.58it/s]
100% 30/30 [00:18<00:00,  1.58it/s]
100% 30/30 [00:18<00:00,  1.58it/s]
100% 30/30 [00:18<00:00,  1.58it/s]
100% 30/30 [00:18<00:00,  1.58it/s]
100% 30/30 [00:18<00:00,  1.58it/s]
100% 30/30 [00:18<00:00,  1.58it/s]
  Generated 20/100
100% 30/30 [00:18<00:00,  1.58it/s]
100% 30/30 [00:18<00:00,  1.58it/s]
100% 30/30 [00:18<00:00,  1.58it/s]
100% 30/30 [00:18<00:00,  1.58it/s]
100% 30/30 [00:18<00:00,  1.58it/s]
100% 30/30 [00:18<00:00,  1.58it/s]
100% 30/30 [00:18<00:00,  1.58it/s]
100% 30/30 [00:18<00:00,  1.58it/s]
100% 30/30 [00:18<00:00,  1.58it/s]
100% 30/30 [00:18<00:00,  1.58it/s]
  Generated 30/100
100% 30/30 [00:18<00:00,  1.58it/s]
100% 30/30 [00:18<00:00,  1.58it/s]
100% 30/30 [00:18<00:00,  1.58it/s]
100% 30/30 [00:18<00:00,  1.58it/s]
100% 30/30 [00:18<00:00,  1.58it/s]
100% 30/30 [00:18<00:00,  1.58it/s]
100% 30/30 [00:18<00:00,  1.58it/s]
100% 30/30 [00:18<00:00,  1.58it/s]
100% 30/30 [00:18<00:00,  1.58it/s]
100% 30/30 [00:18<00:00,  1.58it/s]
  Generated 40/100
100% 30/30 [00:18<00:00,  1.58it/s]
100% 30/30 [00:18<00:00,  1.58it/s]
100% 30/30 [00:18<00:00,  1.58it/s]
100% 30/30 [00:18<00:00,  1.58it/s]
100% 30/30 [00:18<00:00,  1.58it/s]
100% 30/30 [00:18<00:00,  1.58it/s]
100% 30/30 [00:18<00:00,  1.58it/s]
100% 30/30 [00:18<00:00,  1.58it/s]
100% 30/30 [00:18<00:00,  1.58it/s]
100% 30/30 [00:18<00:00,  1.58it/s]
  Generated 50/100
100% 30/30 [00:18<00:00,  1.58it/s]
100% 30/30 [00:18<00:00,  1.58it/s]
100% 30/30 [00:18<00:00,  1.58it/s]
100% 30/30 [00:18<00:00,  1.58it/s]
100% 30/30 [00:18<00:00,  1.58it/s]
100% 30/30 [00:18<00:00,  1.58it/s]
100% 30/30 [00:18<00:00,  1.58it/s]
100% 30/30 [00:18<00:00,  1.58it/s]
100% 30/30 [00:18<00:00,  1.58it/s]
100% 30/30 [00:18<00:00,  1.58it/s]
  Generated 60/100
100% 30/30 [00:18<00:00,  1.58it/s]
100% 30/30 [00:18<00:00,  1.58it/s]
100% 30/30 [00:18<00:00,  1.58it/s]
100% 30/30 [00:18<00:00,  1.58it/s]
100% 30/30 [00:18<00:00,  1.58it/s]
100% 30/30 [00:18<00:00,  1.58it/s]
100% 30/30 [00:18<00:00,  1.58it/s]
100% 30/30 [00:18<00:00,  1.58it/s]
100% 30/30 [00:18<00:00,  1.58it/s]
100% 30/30 [00:18<00:00,  1.58it/s]
  Generated 70/100
100% 30/30 [00:18<00:00,  1.58it/s]
100% 30/30 [00:18<00:00,  1.58it/s]
100% 30/30 [00:18<00:00,  1.58it/s]
100% 30/30 [00:18<00:00,  1.58it/s]
100% 30/30 [00:18<00:00,  1.58it/s]
100% 30/30 [00:18<00:00,  1.58it/s]
100% 30/30 [00:18<00:00,  1.58it/s]
100% 30/30 [00:18<00:00,  1.58it/s]
100% 30/30 [00:18<00:00,  1.58it/s]
100% 30/30 [00:18<00:00,  1.58it/s]
  Generated 80/100
100% 30/30 [00:18<00:00,  1.58it/s]
100% 30/30 [00:18<00:00,  1.58it/s]
100% 30/30 [00:18<00:00,  1.58it/s]
100% 30/30 [00:18<00:00,  1.58it/s]
100% 30/30 [00:18<00:00,  1.58it/s]
100% 30/30 [00:18<00:00,  1.58it/s]
100% 30/30 [00:18<00:00,  1.58it/s]
100% 30/30 [00:18<00:00,  1.58it/s]
100% 30/30 [00:18<00:00,  1.58it/s]
100% 30/30 [00:18<00:00,  1.58it/s]
  Generated 90/100
100% 30/30 [00:18<00:00,  1.58it/s]
100% 30/30 [00:18<00:00,  1.58it/s]
100% 30/30 [00:18<00:00,  1.58it/s]
100% 30/30 [00:18<00:00,  1.58it/s]
100% 30/30 [00:18<00:00,  1.58it/s]
100% 30/30 [00:18<00:00,  1.58it/s]
100% 30/30 [00:18<00:00,  1.58it/s]
100% 30/30 [00:18<00:00,  1.58it/s]
100% 30/30 [00:18<00:00,  1.58it/s]
100% 30/30 [00:18<00:00,  1.58it/s]
  Generated 100/100
[34m[1mwandb[0m: Adding directory to artifact (generated_images/sdxl)... Done. 0.3s
[34m[1mwandb[0m: [33mWARNING[0m Artifact "sdxl_generated_images" already exists with the same content. No new version will be created.
Generation complete! Images saved to ./generated_images/sdxl
